Archive member included to satisfy reference by file (symbol)

c:/st/stm32cubeide_1.4.0/stm32cubeide/plugins/com.st.stm32cube.ide.mcu.externaltools.gnu-arm-embedded.9-2020-q2-update.win32_2.0.300.202301161003/tools/bin/../lib/gcc/arm-none-eabi/9.3.1/../../../../arm-none-eabi/lib/thumb/v7-m/nofp\libc_nano.a(lib_a-errno.o)
                              ./Src/syscalls.o (__errno)
c:/st/stm32cubeide_1.4.0/stm32cubeide/plugins/com.st.stm32cube.ide.mcu.externaltools.gnu-arm-embedded.9-2020-q2-update.win32_2.0.300.202301161003/tools/bin/../lib/gcc/arm-none-eabi/9.3.1/../../../../arm-none-eabi/lib/thumb/v7-m/nofp\libc_nano.a(lib_a-exit.o)
                              c:/st/stm32cubeide_1.4.0/stm32cubeide/plugins/com.st.stm32cube.ide.mcu.externaltools.gnu-arm-embedded.9-2020-q2-update.win32_2.0.300.202301161003/tools/bin/../lib/gcc/arm-none-eabi/9.3.1/../../../../arm-none-eabi/lib/thumb/v7-m/nofp/crt0.o (exit)
c:/st/stm32cubeide_1.4.0/stm32cubeide/plugins/com.st.stm32cube.ide.mcu.externaltools.gnu-arm-embedded.9-2020-q2-update.win32_2.0.300.202301161003/tools/bin/../lib/gcc/arm-none-eabi/9.3.1/../../../../arm-none-eabi/lib/thumb/v7-m/nofp\libc_nano.a(lib_a-impure.o)
                              c:/st/stm32cubeide_1.4.0/stm32cubeide/plugins/com.st.stm32cube.ide.mcu.externaltools.gnu-arm-embedded.9-2020-q2-update.win32_2.0.300.202301161003/tools/bin/../lib/gcc/arm-none-eabi/9.3.1/../../../../arm-none-eabi/lib/thumb/v7-m/nofp\libc_nano.a(lib_a-exit.o) (_global_impure_ptr)
c:/st/stm32cubeide_1.4.0/stm32cubeide/plugins/com.st.stm32cube.ide.mcu.externaltools.gnu-arm-embedded.9-2020-q2-update.win32_2.0.300.202301161003/tools/bin/../lib/gcc/arm-none-eabi/9.3.1/../../../../arm-none-eabi/lib/thumb/v7-m/nofp\libc_nano.a(lib_a-init.o)
                              c:/st/stm32cubeide_1.4.0/stm32cubeide/plugins/com.st.stm32cube.ide.mcu.externaltools.gnu-arm-embedded.9-2020-q2-update.win32_2.0.300.202301161003/tools/bin/../lib/gcc/arm-none-eabi/9.3.1/../../../../arm-none-eabi/lib/thumb/v7-m/nofp/crt0.o (__libc_init_array)
c:/st/stm32cubeide_1.4.0/stm32cubeide/plugins/com.st.stm32cube.ide.mcu.externaltools.gnu-arm-embedded.9-2020-q2-update.win32_2.0.300.202301161003/tools/bin/../lib/gcc/arm-none-eabi/9.3.1/../../../../arm-none-eabi/lib/thumb/v7-m/nofp\libc_nano.a(lib_a-memset.o)
                              c:/st/stm32cubeide_1.4.0/stm32cubeide/plugins/com.st.stm32cube.ide.mcu.externaltools.gnu-arm-embedded.9-2020-q2-update.win32_2.0.300.202301161003/tools/bin/../lib/gcc/arm-none-eabi/9.3.1/../../../../arm-none-eabi/lib/thumb/v7-m/nofp/crt0.o (memset)
c:/st/stm32cubeide_1.4.0/stm32cubeide/plugins/com.st.stm32cube.ide.mcu.externaltools.gnu-arm-embedded.9-2020-q2-update.win32_2.0.300.202301161003/tools/bin/../lib/gcc/arm-none-eabi/9.3.1/../../../../arm-none-eabi/lib/thumb/v7-m/nofp\libc_nano.a(lib_a-sprintf.o)
                              ./Src/Esp_program.o (sprintf)
c:/st/stm32cubeide_1.4.0/stm32cubeide/plugins/com.st.stm32cube.ide.mcu.externaltools.gnu-arm-embedded.9-2020-q2-update.win32_2.0.300.202301161003/tools/bin/../lib/gcc/arm-none-eabi/9.3.1/../../../../arm-none-eabi/lib/thumb/v7-m/nofp\libc_nano.a(lib_a-nano-svfprintf.o)
                              c:/st/stm32cubeide_1.4.0/stm32cubeide/plugins/com.st.stm32cube.ide.mcu.externaltools.gnu-arm-embedded.9-2020-q2-update.win32_2.0.300.202301161003/tools/bin/../lib/gcc/arm-none-eabi/9.3.1/../../../../arm-none-eabi/lib/thumb/v7-m/nofp\libc_nano.a(lib_a-sprintf.o) (_svfprintf_r)
c:/st/stm32cubeide_1.4.0/stm32cubeide/plugins/com.st.stm32cube.ide.mcu.externaltools.gnu-arm-embedded.9-2020-q2-update.win32_2.0.300.202301161003/tools/bin/../lib/gcc/arm-none-eabi/9.3.1/../../../../arm-none-eabi/lib/thumb/v7-m/nofp\libc_nano.a(lib_a-nano-vfprintf_i.o)
                              c:/st/stm32cubeide_1.4.0/stm32cubeide/plugins/com.st.stm32cube.ide.mcu.externaltools.gnu-arm-embedded.9-2020-q2-update.win32_2.0.300.202301161003/tools/bin/../lib/gcc/arm-none-eabi/9.3.1/../../../../arm-none-eabi/lib/thumb/v7-m/nofp\libc_nano.a(lib_a-nano-svfprintf.o) (_printf_i)
c:/st/stm32cubeide_1.4.0/stm32cubeide/plugins/com.st.stm32cube.ide.mcu.externaltools.gnu-arm-embedded.9-2020-q2-update.win32_2.0.300.202301161003/tools/bin/../lib/gcc/arm-none-eabi/9.3.1/../../../../arm-none-eabi/lib/thumb/v7-m/nofp\libc_nano.a(lib_a-memchr-stub.o)
                              c:/st/stm32cubeide_1.4.0/stm32cubeide/plugins/com.st.stm32cube.ide.mcu.externaltools.gnu-arm-embedded.9-2020-q2-update.win32_2.0.300.202301161003/tools/bin/../lib/gcc/arm-none-eabi/9.3.1/../../../../arm-none-eabi/lib/thumb/v7-m/nofp\libc_nano.a(lib_a-nano-svfprintf.o) (memchr)
c:/st/stm32cubeide_1.4.0/stm32cubeide/plugins/com.st.stm32cube.ide.mcu.externaltools.gnu-arm-embedded.9-2020-q2-update.win32_2.0.300.202301161003/tools/bin/../lib/gcc/arm-none-eabi/9.3.1/../../../../arm-none-eabi/lib/thumb/v7-m/nofp\libc_nano.a(lib_a-memcpy-stub.o)
[...]
Memory Configuration

Name             Origin             Length             Attributes
RAM              0x20000000         0x00005000         xrw
FLASH            0x08000000         0x00010000         xr
*default*        0x00000000         0xffffffff

Linker script and memory map

LOAD c:/st/stm32cubeide_1.4.0/stm32cubeide/plugins/com.st.stm32cube.ide.mcu.externaltools.gnu-arm-embedded.9-2020-q2-update.win32_2.0.300.202301161003/tools/bin/../lib/gcc/arm-none-eabi/9.3.1/thumb/v7-m/nofp/crti.o
LOAD c:/st/stm32cubeide_1.4.0/stm32cubeide/plugins/com.st.stm32cube.ide.mcu.externaltools.gnu-arm-embedded.9-2020-q2-update.win32_2.0.300.202301161003/tools/bin/../lib/gcc/arm-none-eabi/9.3.1/thumb/v7-m/nofp/crtbegin.o
LOAD c:/st/stm32cubeide_1.4.0/stm32cubeide/plugins/com.st.stm32cube.ide.mcu.externaltools.gnu-arm-embedded.9-2020-q2-update.win32_2.0.300.202301161003/tools/bin/../lib/gcc/arm-none-eabi/9.3.1/../../../../arm-none-eabi/lib/thumb/v7-m/nofp/crt0.o
LOAD ./Src/Esp_program.o
LOAD ./Src/GPIO_program.o
LOAD ./Src/RCC_program.o
LOAD ./Src/STk_program.o
LOAD ./Src/USART_program.o
LOAD ./Src/main.o
LOAD ./Src/syscalls.o
LOAD ./Src/sysmem.o
LOAD ./Startup/startup_stm32f103c8tx.o
START GROUP
LOAD c:/st/stm32cubeide_1.4.0/stm32cubeide/plugins/com.st.stm32cube.ide.mcu.externaltools.gnu-arm-embedded.9-2020-q2-update.win32_2.0.300.202301161003/tools/bin/../lib/gcc/arm-none-eabi/9.3.1/../../../../arm-none-eabi/lib/thumb/v7-m/nofp\libc_nano.a
LOAD c:/st/stm32cubeide_1.4.0/stm32cubeide/plugins/com.st.stm32cube.ide.mcu.externaltools.gnu-arm-embedded.9-2020-q2-update.win32_2.0.300.202301161003/tools/bin/../lib/gcc/arm-none-eabi/9.3.1/../../../../arm-none-eabi/lib/thumb/v7-m/nofp\libm.a
END GROUP
START GROUP
LOAD c:/st/stm32cubeide_1.4.0/stm32cubeide/plugins/com.st.stm32cube.ide.mcu.externaltools.gnu-arm-embedded.9-2020-q2-update.win32_2.0.300.202301161003/tools/bin/../lib/gcc/arm-none-eabi/9.3.1/thumb/v7-m/nofp\libgcc.a
LOAD c:/st/stm32cubeide_1.4.0/stm32cubeide/plugins/com.st.stm32cube.ide.mcu.externaltools.gnu-arm-embedded.9-2020-q2-update.win32_2.0.300.202301161003/tools/bin/../lib/gcc/arm-none-eabi/9.3.1/../../../../arm-none-eabi/lib/thumb/v7-m/nofp\libc_nano.a
END GROUP
START GROUP
LOAD c:/st/stm32cubeide_1.4.0/stm32cubeide/plugins/com.st.stm32cube.ide.mcu.externaltools.gnu-arm-embedded.9-2020-q2-update.win32_2.0.300.202301161003/tools/bin/../lib/gcc/arm-none-eabi/9.3.1/thumb/v7-m/nofp\libgcc.a
LOAD c:/st/stm32cubeide_1.4.0/stm32cubeide/plugins/com.st.stm32cube.ide.mcu.externaltools.gnu-arm-embedded.9-2020-q2-update.win32_2.0.300.202301161003/tools/bin/../lib/gcc/arm-none-eabi/9.3.1/../../../../arm-none-eabi/lib/thumb/v7-m/nofp\libc_nano.a
LOAD c:/st/stm32cubeide_1.4.0/stm32cubeide/plugins/com.st.stm32cube.ide.mcu.externaltools.gnu-arm-embedded.9-2020-q2-update.win32_2.0.300.202301161003/tools/bin/../lib/gcc/arm-none-eabi/9.3.1/../../../../arm-none-eabi/lib/thumb/v7-m/nofp\libnosys.a
END GROUP
START GROUP
LOAD c:/st/stm32cubeide_1.4.0/stm32cubeide/plugins/com.st.stm32cube.ide.mcu.externaltools.gnu-arm-embedded.9-2020-q2-update.win32_2.0.300.202301161003/tools/bin/../lib/gcc/arm-none-eabi/9.3.1/thumb/v7-m/nofp\libgcc.a
LOAD c:/st/stm32cubeide_1.4.0/stm32cubeide/plugins/com.st.stm32cube.ide.mcu.externaltools.gnu-arm-embedded.9-2020-q2-update.win32_2.0.300.202301161003/tools/bin/../lib/gcc/arm-none-eabi/9.3.1/../../../../arm-none-eabi/lib/thumb/v7-m/nofp\libc_nano.a
LOAD c:/st/stm32cubeide_1.4.0/stm32cubeide/plugins/com.st.stm32cube.ide.mcu.externaltools.gnu-arm-embedded.9-2020-q2-update.win32_2.0.300.202301161003/tools/bin/../lib/gcc/arm-none-eabi/9.3.1/../../../../arm-none-eabi/lib/thumb/v7-m/nofp\libnosys.a
END GROUP
LOAD c:/st/stm32cubeide_1.4.0/stm32cubeide/plugins/com.st.stm32cube.ide.mcu.externaltools.gnu-arm-embedded.9-2020-q2-update.win32_2.0.300.202301161003/tools/bin/../lib/gcc/arm-none-eabi/9.3.1/thumb/v7-m/nofp/crtend.o
LOAD c:/st/stm32cubeide_1.4.0/stm32cubeide/plugins/com.st.stm32cube.ide.mcu.externaltools.gnu-arm-embedded.9-2020-q2-update.win32_2.0.300.202301161003/tools/bin/../lib/gcc/arm-none-eabi/9.3.1/thumb/v7-m/nofp/crtn.o
                0x20005000                _estack = (ORIGIN (RAM) + LENGTH (RAM))
                0x00000200                _Min_Heap_Size = 0x200
                0x00000400                _Min_Stack_Size = 0x400

.isr_vector     0x08000000      0x130
                0x08000000                . = ALIGN (0x4)
 *(.isr_vector)
 .isr_vector    0x08000000      0x130 ./Startup/startup_stm32f103c8tx.o
                0x08000000                g_pfnVectors
                0x08000130                . = ALIGN (0x4)

.text           0x08000130     0x12a0
                0x08000130                . = ALIGN (0x4)
 *(.text)
 .text          0x08000130       0x40 c:/st/stm32cubeide_1.4.0/stm32cubeide/plugins/com.st.stm32cube.ide.mcu.externaltools.gnu-arm-embedded.9-2020-q2-update.win32_2.0.300.202301161003/tools/bin/../lib/gcc/arm-none-eabi/9.3.1/thumb/v7-m/nofp/crtbegin.o
 *(.text*)
 .text.HEsp_voidInit
                0x08000170       0x50 ./Src/Esp_program.o
                0x08000170                HEsp_voidInit
 .text.HEsp_voidConnectOnWifi
                0x080001c0       0x78 ./Src/Esp_program.o
                0x080001c0                HEsp_voidConnectOnWifi
 .text.HEsp_voidConnectOnServer
                0x08000238       0x70 ./Src/Esp_program.o
                0x08000238                HEsp_voidConnectOnServer
 .text.HEsp_voidSendData
                0x080002a8       0xbc ./Src/Esp_program.o
                0x080002a8                HEsp_voidSendData
 .text.u8EspValidateCmd
                0x08000364      0x184 ./Src/Esp_program.o
                0x08000364                u8EspValidateCmd
 .text.MGPIO_VoidSetPinDirection
                0x080004e8      0x1b0 ./Src/GPIO_program.o
                0x080004e8                MGPIO_VoidSetPinDirection
 .text.MGPIO_VoidSetPinValue
                0x08000698       0xf8 ./Src/GPIO_program.o
                0x08000698                MGPIO_VoidSetPinValue
 .text.RCC_voidInitSysClock
                0x08000790       0x34 ./Src/RCC_program.o
                0x08000790                RCC_voidInitSysClock
 .text.RCC_voidEnableClock
                0x080007c4       0x84 ./Src/RCC_program.o
                0x080007c4                RCC_voidEnableClock
 .text.SysTick_Handler
                0x08000848       0x40 ./Src/STk_program.o
                0x08000848                SysTick_Handler
 .text.MUSART1_voidInit
                0x08000888       0x40 ./Src/USART_program.o
                0x08000888                MUSART1_voidInit
 .text.MUSART1_voidTransmit
                0x080008c8       0x4c ./Src/USART_program.o
                0x080008c8                MUSART1_voidTransmit
 .text.MUSART1_u8Receive
                0x08000914       0x54 ./Src/USART_program.o
                0x08000914                MUSART1_u8Receive
 .text.main     0x08000968       0xb8 ./Src/main.o
                0x08000968                main
 .text._sbrk    0x08000a20       0x6c ./Src/sysmem.o
                0x08000a20                _sbrk
 .text.Reset_Handler
                0x08000a8c       0x50 ./Startup/startup_stm32f103c8tx.o
                0x08000a8c                Reset_Handler
 .text.Default_Handler
                0x08000adc        0x2 ./Startup/startup_stm32f103c8tx.o
                0x08000adc                EXTI2_IRQHandler
                0x08000adc                TIM8_TRG_COM_IRQHandler
                0x08000adc                TIM8_CC_IRQHandler
                0x08000adc                DebugMon_Handler
                0x08000adc                TIM1_CC_IRQHandler
                0x08000adc                HardFault_Handler
                0x08000adc                TIM6_IRQHandler
                0x08000adc                PVD_IRQHandler
                0x08000adc                SDIO_IRQHandler
                0x08000adc                PendSV_Handler
                0x08000adc                NMI_Handler
                0x08000adc                EXTI3_IRQHandler
                0x08000adc                USB_HP_CAN_TX_IRQHandler
                0x08000adc                EXTI0_IRQHandler
                0x08000adc                I2C2_EV_IRQHandler
                0x08000adc                UsageFault_Handler
                0x08000adc                ADC1_2_IRQHandler
                0x08000adc                SPI1_IRQHandler
                0x08000adc                CAN_SCE_IRQHandler
                0x08000adc                TAMPER_IRQHandler
                0x08000adc                TIM8_UP_IRQHandler
                0x08000adc                DMA2_Channel2_IRQHandler
                0x08000adc                DMA1_Channel4_IRQHandler
                0x08000adc                USART3_IRQHandler
                0x08000adc                RTC_IRQHandler
                0x08000adc                DMA1_Channel7_IRQHandler
                0x08000adc                UART5_IRQHandler
                0x08000adc                ADC3_IRQHandler
                0x08000adc                TIM4_IRQHandler
                0x08000adc                CAN_RX1_IRQHandler
                0x08000adc                DMA2_Channel1_IRQHandler
                0x08000adc                I2C1_EV_IRQHandler
                0x08000adc                DMA1_Channel6_IRQHandler
                0x08000adc                UART4_IRQHandler
                0x08000adc                TIM3_IRQHandler
                0x08000adc                RCC_IRQHandler
                0x08000adc                TIM1_TRG_COM_IRQHandler
                0x08000adc                DMA1_Channel1_IRQHandler
                0x08000adc                Default_Handler
                0x08000adc                EXTI15_10_IRQHandler
                0x08000adc                TIM7_IRQHandler
                0x08000adc                TIM5_IRQHandler
                0x08000adc                EXTI9_5_IRQHandler
                0x08000adc                SPI2_IRQHandler
                0x08000adc                USB_LP_CAN_RX0_IRQHandler
                0x08000adc                MemManage_Handler
                0x08000adc                SVC_Handler
                0x08000adc                DMA1_Channel5_IRQHandler
                0x08000adc                EXTI4_IRQHandler
                0x08000adc                DMA1_Channel3_IRQHandler
                0x08000adc                FSMC_IRQHandler
                0x08000adc                TIM1_UP_IRQHandler
                0x08000adc                WWDG_IRQHandler
                0x08000adc                TIM2_IRQHandler
                0x08000adc                TIM1_BRK_IRQHandler
                0x08000adc                EXTI1_IRQHandler
                0x08000adc                RTCAlarm_IRQHandler
                0x08000adc                DMA2_Channel4_5_IRQHandler
                0x08000adc                USART2_IRQHandler
                0x08000adc                I2C2_ER_IRQHandler
                0x08000adc                DMA1_Channel2_IRQHandler
                0x08000adc                TIM8_BRK_IRQHandler
                0x08000adc                FLASH_IRQHandler
                0x08000adc                BusFault_Handler
                0x08000adc                USART1_IRQHandler
                0x08000adc                SPI3_IRQHandler
                0x08000adc                I2C1_ER_IRQHandler
                0x08000adc                DMA2_Channel3_IRQHandler
 *fill*         0x08000ade        0x2 
 .text.__errno  0x08000ae0        0xc c:/st/stm32cubeide_1.4.0/stm32cubeide/plugins/com.st.stm32cube.ide.mcu.externaltools.gnu-arm-embedded.9-2020-q2-update.win32_2.0.300.202301161003/tools/bin/../lib/gcc/arm-none-eabi/9.3.1/../../../../arm-none-eabi/lib/thumb/v7-m/nofp\libc_nano.a(lib_a-errno.o)
                0x08000ae0                __errno
 .text.__libc_init_array
                0x08000aec       0x48 c:/st/stm32cubeide_1.4.0/stm32cubeide/plugins/com.st.stm32cube.ide.mcu.externaltools.gnu-arm-embedded.9-2020-q2-update.win32_2.0.300.202301161003/tools/bin/../lib/gcc/arm-none-eabi/9.3.1/../../../../arm-none-eabi/lib/thumb/v7-m/nofp\libc_nano.a(lib_a-init.o)
                0x08000aec                __libc_init_array
 .text.memset   0x08000b34       0x10 c:/st/stm32cubeide_1.4.0/stm32cubeide/plugins/com.st.stm32cube.ide.mcu.externaltools.gnu-arm-embedded.9-2020-q2-update.win32_2.0.300.202301161003/tools/bin/../lib/gcc/arm-none-eabi/9.3.1/../../../../arm-none-eabi/lib/thumb/v7-m/nofp\libc_nano.a(lib_a-memset.o)
                0x08000b34                memset
 .text.sprintf  0x08000b44       0x40 c:/st/stm32cubeide_1.4.0/stm32cubeide/plugins/com.st.stm32cube.ide.mcu.externaltools.gnu-arm-embedded.9-2020-q2-update.win32_2.0.300.202301161003/tools/bin/../lib/gcc/arm-none-eabi/9.3.1/../../../../arm-none-eabi/lib/thumb/v7-m/nofp\libc_nano.a(lib_a-sprintf.o)
                0x08000b44                siprintf
                0x08000b44                sprintf
 .text.__ssputs_r
                0x08000b84       0xb6 c:/st/stm32cubeide_1.4.0/stm32cubeide/plugins/com.st.stm32cube.ide.mcu.externaltools.gnu-arm-embedded.9-2020-q2-update.win32_2.0.300.202301161003/tools/bin/../lib/gcc/arm-none-eabi/9.3.1/../../../../arm-none-eabi/lib/thumb/v7-m/nofp\libc_nano.a(lib_a-nano-svfprintf.o)
                0x08000b84                __ssputs_r
 *fill*         0x08000c3a        0x2 
 .text._svfprintf_r
                0x08000c3c      0x200 c:/st/stm32cubeide_1.4.0/stm32cubeide/plugins/com.st.stm32cube.ide.mcu.externaltools.gnu-arm-embedded.9-2020-q2-update.win32_2.0.300.202301161003/tools/bin/../lib/gcc/arm-none-eabi/9.3.1/../../../../arm-none-eabi/lib/thumb/v7-m/nofp\libc_nano.a(lib_a-nano-svfprintf.o)
                0x08000c3c                _svfiprintf_r
                0x08000c3c                _svfprintf_r
 .text._printf_common
                0x08000e3c       0xde c:/st/stm32cubeide_1.4.0/stm32cubeide/plugins/com.st.stm32cube.ide.mcu.externaltools.gnu-arm-embedded.9-2020-q2-update.win32_2.0.300.202301161003/tools/bin/../lib/gcc/arm-none-eabi/9.3.1/../../../../arm-none-eabi/lib/thumb/v7-m/nofp\libc_nano.a(lib_a-nano-vfprintf_i.o)
                0x08000e3c                _printf_common
 *fill*         0x08000f1a        0x2 
 .text._printf_i
                0x08000f1c      0x24c c:/st/stm32cubeide_1.4.0/stm32cubeide/plugins/com.st.stm32cube.ide.mcu.externaltools.gnu-arm-embedded.9-2020-q2-update.win32_2.0.300.202301161003/tools/bin/../lib/gcc/arm-none-eabi/9.3.1/../../../../arm-none-eabi/lib/thumb/v7-m/nofp\libc_nano.a(lib_a-nano-vfprintf_i.o)
                0x08000f1c                _printf_i
 .text.memchr   0x08001168       0x1c c:/st/stm32cubeide_1.4.0/stm32cubeide/plugins/com.st.stm32cube.ide.mcu.externaltools.gnu-arm-embedded.9-2020-q2-update.win32_2.0.300.202301161003/tools/bin/../lib/gcc/arm-none-eabi/9.3.1/../../../../arm-none-eabi/lib/thumb/v7-m/nofp\libc_nano.a(lib_a-memchr-stub.o)
                0x08001168                memchr
 .text.memcpy   0x08001184       0x1c c:/st/stm32cubeide_1.4.0/stm32cubeide/plugins/com.st.stm32cube.ide.mcu.externaltools.gnu-arm-embedded.9-2020-q2-update.win32_2.0.300.202301161003/tools/bin/../lib/gcc/arm-none-eabi/9.3.1/../../../../arm-none-eabi/lib/thumb/v7-m/nofp\libc_nano.a(lib_a-memcpy-stub.o)
                0x08001184                memcpy
 .text.memmove  0x080011a0       0x34 c:/st/stm32cubeide_1.4.0/stm32cubeide/plugins/com.st.stm32cube.ide.mcu.externaltools.gnu-arm-embedded.9-2020-q2-update.win32_2.0.300.202301161003/tools/bin/../lib/gcc/arm-none-eabi/9.3.1/../../../../arm-none-eabi/lib/thumb/v7-m/nofp\libc_nano.a(lib_a-memmove.o)
                0x080011a0                memmove
 .text._free_r  0x080011d4       0x98 c:/st/stm32cubeide_1.4.0/stm32cubeide/plugins/com.st.stm32cube.ide.mcu.externaltools.gnu-arm-embedded.9-2020-q2-update.win32_2.0.300.202301161003/tools/bin/../lib/gcc/arm-none-eabi/9.3.1/../../../../arm-none-eabi/lib/thumb/v7-m/nofp\libc_nano.a(lib_a-nano-freer.o)
                0x080011d4                _free_r
 .text._malloc_r
                0x0800126c       0xb4 c:/st/stm32cubeide_1.4.0/stm32cubeide/plugins/com.st.stm32cube.ide.mcu.externaltools.gnu-arm-embedded.9-2020-q2-update.win32_2.0.300.202301161003/tools/bin/../lib/gcc/arm-none-eabi/9.3.1/../../../../arm-none-eabi/lib/thumb/v7-m/nofp\libc_nano.a(lib_a-nano-mallocr.o)
                0x0800126c                _malloc_r
 .text._realloc_r
                0x08001320       0x4c c:/st/stm32cubeide_1.4.0/stm32cubeide/plugins/com.st.stm32cube.ide.mcu.externaltools.gnu-arm-embedded.9-2020-q2-update.win32_2.0.300.202301161003/tools/bin/../lib/gcc/arm-none-eabi/9.3.1/../../../../arm-none-eabi/lib/thumb/v7-m/nofp\libc_nano.a(lib_a-nano-reallocr.o)
                0x08001320                _realloc_r
 .text._sbrk_r  0x0800136c       0x20 c:/st/stm32cubeide_1.4.0/stm32cubeide/plugins/com.st.stm32cube.ide.mcu.externaltools.gnu-arm-embedded.9-2020-q2-update.win32_2.0.300.202301161003/tools/bin/../lib/gcc/arm-none-eabi/9.3.1/../../../../arm-none-eabi/lib/thumb/v7-m/nofp\libc_nano.a(lib_a-sbrkr.o)
                0x0800136c                _sbrk_r
 .text.__malloc_lock
                0x0800138c        0xc c:/st/stm32cubeide_1.4.0/stm32cubeide/plugins/com.st.stm32cube.ide.mcu.externaltools.gnu-arm-embedded.9-2020-q2-update.win32_2.0.300.202301161003/tools/bin/../lib/gcc/arm-none-eabi/9.3.1/../../../../arm-none-eabi/lib/thumb/v7-m/nofp\libc_nano.a(lib_a-mlock.o)
                0x0800138c                __malloc_lock
 .text.__malloc_unlock
                0x08001398        0xc c:/st/stm32cubeide_1.4.0/stm32cubeide/plugins/com.st.stm32cube.ide.mcu.externaltools.gnu-arm-embedded.9-2020-q2-update.win32_2.0.300.202301161003/tools/bin/../lib/gcc/arm-none-eabi/9.3.1/../../../../arm-none-eabi/lib/thumb/v7-m/nofp\libc_nano.a(lib_a-mlock.o)
                0x08001398                __malloc_unlock
 .text._malloc_usable_size_r
                0x080013a4       0x10 c:/st/stm32cubeide_1.4.0/stm32cubeide/plugins/com.st.stm32cube.ide.mcu.externaltools.gnu-arm-embedded.9-2020-q2-update.win32_2.0.300.202301161003/tools/bin/../lib/gcc/arm-none-eabi/9.3.1/../../../../arm-none-eabi/lib/thumb/v7-m/nofp\libc_nano.a(lib_a-nano-msizer.o)
                0x080013a4                _malloc_usable_size_r
 .text.__retarget_lock_acquire_recursive
                0x080013b4        0x2 c:/st/stm32cubeide_1.4.0/stm32cubeide/plugins/com.st.stm32cube.ide.mcu.externaltools.gnu-arm-embedded.9-2020-q2-update.win32_2.0.300.202301161003/tools/bin/../lib/gcc/arm-none-eabi/9.3.1/../../../../arm-none-eabi/lib/thumb/v7-m/nofp\libc_nano.a(lib_a-lock.o)
                0x080013b4                __retarget_lock_acquire_recursive
 .text.__retarget_lock_release_recursive
                0x080013b6        0x2 c:/st/stm32cubeide_1.4.0/stm32cubeide/plugins/com.st.stm32cube.ide.mcu.externaltools.gnu-arm-embedded.9-2020-q2-update.win32_2.0.300.202301161003/tools/bin/../lib/gcc/arm-none-eabi/9.3.1/../../../../arm-none-eabi/lib/thumb/v7-m/nofp\libc_nano.a(lib_a-lock.o)
                0x080013b6                __retarget_lock_release_recursive
 *(.glue_7)
 .glue_7        0x080013b8        0x0 linker stubs
 *(.glue_7t)
 .glue_7t       0x080013b8        0x0 linker stubs
 *(.eh_frame)
 .eh_frame      0x080013b8        0x0 c:/st/stm32cubeide_1.4.0/stm32cubeide/plugins/com.st.stm32cube.ide.mcu.externaltools.gnu-arm-embedded.9-2020-q2-update.win32_2.0.300.202301161003/tools/bin/../lib/gcc/arm-none-eabi/9.3.1/thumb/v7-m/nofp/crtbegin.o
 *(.init)
 .init          0x080013b8        0x4 c:/st/stm32cubeide_1.4.0/stm32cubeide/plugins/com.st.stm32cube.ide.mcu.externaltools.gnu-arm-embedded.9-2020-q2-update.win32_2.0.300.202301161003/tools/bin/../lib/gcc/arm-none-eabi/9.3.1/thumb/v7-m/nofp/crti.o
                0x080013b8                _init
 .init          0x080013bc        0x8 c:/st/stm32cubeide_1.4.0/stm32cubeide/plugins/com.st.stm32cube.ide.mcu.externaltools.gnu-arm-embedded.9-2020-q2-update.win32_2.0.300.202301161003/tools/bin/../lib/gcc/arm-none-eabi/9.3.1/thumb/v7-m/nofp/crtn.o
 *(.fini)
 .fini          0x080013c4        0x4 c:/st/stm32cubeide_1.4.0/stm32cubeide/plugins/com.st.stm32cube.ide.mcu.externaltools.gnu-arm-embedded.9-2020-q2-update.win32_2.0.300.202301161003/tools/bin/../lib/gcc/arm-none-eabi/9.3.1/thumb/v7-m/nofp/crti.o
                0x080013c4                _fini
 .fini          0x080013c8        0x8 c:/st/stm32cubeide_1.4.0/stm32cubeide/plugins/com.st.stm32cube.ide.mcu.externaltools.gnu-arm-embedded.9-2020-q2-update.win32_2.0.300.202301161003/tools/bin/../lib/gcc/arm-none-eabi/9.3.1/thumb/v7-m/nofp/crtn.o
                0x080013d0                . = ALIGN (0x4)
                0x080013d0                _etext = .

.vfp11_veneer   0x080013d0        0x0
 .vfp11_veneer  0x080013d0        0x0 linker stubs

.v4_bx          0x080013d0        0x0
 .v4_bx         0x080013d0        0x0 linker stubs

.iplt           0x080013d0        0x0
 .iplt          0x080013d0        0x0 c:/st/stm32cubeide_1.4.0/stm32cubeide/plugins/com.st.stm32cube.ide.mcu.externaltools.gnu-arm-embedded.9-2020-q2-update.win32_2.0.300.202301161003/tools/bin/../lib/gcc/arm-none-eabi/9.3.1/thumb/v7-m/nofp/crtbegin.o

.rodata         0x080013d0       0xf4
                0x080013d0                . = ALIGN (0x4)
 *(.rodata)
 .rodata        0x080013d0       0x84 ./Src/Esp_program.o
 .rodata        0x08001454       0x3d ./Src/main.o
 *(.rodata*)
 .rodata._svfprintf_r.str1.1
                0x08001491       0x11 c:/st/stm32cubeide_1.4.0/stm32cubeide/plugins/com.st.stm32cube.ide.mcu.externaltools.gnu-arm-embedded.9-2020-q2-update.win32_2.0.300.202301161003/tools/bin/../lib/gcc/arm-none-eabi/9.3.1/../../../../arm-none-eabi/lib/thumb/v7-m/nofp\libc_nano.a(lib_a-nano-svfprintf.o)
 .rodata._printf_i.str1.1
                0x080014a2       0x22 c:/st/stm32cubeide_1.4.0/stm32cubeide/plugins/com.st.stm32cube.ide.mcu.externaltools.gnu-arm-embedded.9-2020-q2-update.win32_2.0.300.202301161003/tools/bin/../lib/gcc/arm-none-eabi/9.3.1/../../../../arm-none-eabi/lib/thumb/v7-m/nofp\libc_nano.a(lib_a-nano-vfprintf_i.o)
                0x080014c4                . = ALIGN (0x4)

.rel.dyn        0x080014c4        0x0
 .rel.iplt      0x080014c4        0x0 c:/st/stm32cubeide_1.4.0/stm32cubeide/plugins/com.st.stm32cube.ide.mcu.externaltools.gnu-arm-embedded.9-2020-q2-update.win32_2.0.300.202301161003/tools/bin/../lib/gcc/arm-none-eabi/9.3.1/thumb/v7-m/nofp/crtbegin.o

.ARM.extab      0x080014c4        0x0
                0x080014c4                . = ALIGN (0x4)
 *(.ARM.extab* .gnu.linkonce.armextab.*)
                0x080014c4                . = ALIGN (0x4)

.ARM            0x080014c4        0x0
                0x080014c4                . = ALIGN (0x4)
                0x080014c4                __exidx_start = .
 *(.ARM.exidx*)
                0x080014c4                __exidx_end = .
                0x080014c4                . = ALIGN (0x4)

.preinit_array  0x080014c4        0x0
                0x080014c4                . = ALIGN (0x4)
                0x080014c4                PROVIDE (__preinit_array_start = .)
 *(.preinit_array*)
                0x080014c4                PROVIDE (__preinit_array_end = .)
                0x080014c4                . = ALIGN (0x4)

.init_array     0x080014c4        0x4
                0x080014c4                . = ALIGN (0x4)
                0x080014c4                PROVIDE (__init_array_start = .)
 *(SORT_BY_NAME(.init_array.*))
 *(.init_array*)
 .init_array    0x080014c4        0x4 c:/st/stm32cubeide_1.4.0/stm32cubeide/plugins/com.st.stm32cube.ide.mcu.externaltools.gnu-arm-embedded.9-2020-q2-update.win32_2.0.300.202301161003/tools/bin/../lib/gcc/arm-none-eabi/9.3.1/thumb/v7-m/nofp/crtbegin.o
                0x080014c8                PROVIDE (__init_array_end = .)
                0x080014c8                . = ALIGN (0x4)

.fini_array     0x080014c8        0x4
                0x080014c8                . = ALIGN (0x4)
                [!provide]                PROVIDE (__fini_array_start = .)
 *(SORT_BY_NAME(.fini_array.*))
 *(.fini_array*)
 .fini_array    0x080014c8        0x4 c:/st/stm32cubeide_1.4.0/stm32cubeide/plugins/com.st.stm32cube.ide.mcu.externaltools.gnu-arm-embedded.9-2020-q2-update.win32_2.0.300.202301161003/tools/bin/../lib/gcc/arm-none-eabi/9.3.1/thumb/v7-m/nofp/crtbegin.o
                [!provide]                PROVIDE (__fini_array_end = .)
                0x080014cc                . = ALIGN (0x4)
                0x080014cc                _sidata = LOADADDR (.data)

.data           0x20000000       0x68 load address 0x080014cc
                0x20000000                . = ALIGN (0x4)
                0x20000000                _sdata = .
 *(.data)
 *(.data*)
 .data.Quotes   0x20000000        0x2 ./Src/Esp_program.o
                0x20000000                Quotes
 *fill*         0x20000002        0x2 
 .data._impure_ptr
                0x20000004        0x4 c:/st/stm32cubeide_1.4.0/stm32cubeide/plugins/com.st.stm32cube.ide.mcu.externaltools.gnu-arm-embedded.9-2020-q2-update.win32_2.0.300.202301161003/tools/bin/../lib/gcc/arm-none-eabi/9.3.1/../../../../arm-none-eabi/lib/thumb/v7-m/nofp\libc_nano.a(lib_a-impure.o)
                0x20000004                _impure_ptr
 .data.impure_data
                0x20000008       0x60 c:/st/stm32cubeide_1.4.0/stm32cubeide/plugins/com.st.stm32cube.ide.mcu.externaltools.gnu-arm-embedded.9-2020-q2-update.win32_2.0.300.202301161003/tools/bin/../lib/gcc/arm-none-eabi/9.3.1/../../../../arm-none-eabi/lib/thumb/v7-m/nofp\libc_nano.a(lib_a-impure.o)
 *(.RamFunc)
 *(.RamFunc*)
                0x20000068                . = ALIGN (0x4)
                0x20000068                _edata = .

.igot.plt       0x20000068        0x0 load address 0x08001534
 .igot.plt      0x20000068        0x0 c:/st/stm32cubeide_1.4.0/stm32cubeide/plugins/com.st.stm32cube.ide.mcu.externaltools.gnu-arm-embedded.9-2020-q2-update.win32_2.0.300.202301161003/tools/bin/../lib/gcc/arm-none-eabi/9.3.1/thumb/v7-m/nofp/crtbegin.o
                0x20000068                . = ALIGN (0x4)

.bss            0x20000068       0x40 load address 0x08001534
                0x20000068                _sbss = .
                0x20000068                __bss_start__ = _sbss
 *(.bss)
 .bss           0x20000068       0x1c c:/st/stm32cubeide_1.4.0/stm32cubeide/plugins/com.st.stm32cube.ide.mcu.externaltools.gnu-arm-embedded.9-2020-q2-update.win32_2.0.300.202301161003/tools/bin/../lib/gcc/arm-none-eabi/9.3.1/thumb/v7-m/nofp/crtbegin.o
 *(.bss*)
 .bss.CALLBACK  0x20000084        0x4 ./Src/STk_program.o
 .bss.MSTK_Repeat
                0x20000088        0x1 ./Src/STk_program.o
 *fill*         0x20000089        0x3 
 .bss.__sbrk_heap_end
                0x2000008c        0x4 ./Src/sysmem.o
 .bss.__malloc_free_list
                0x20000090        0x4 c:/st/stm32cubeide_1.4.0/stm32cubeide/plugins/com.st.stm32cube.ide.mcu.externaltools.gnu-arm-embedded.9-2020-q2-update.win32_2.0.300.202301161003/tools/bin/../lib/gcc/arm-none-eabi/9.3.1/../../../../arm-none-eabi/lib/thumb/v7-m/nofp\libc_nano.a(lib_a-nano-mallocr.o)
                0x20000090                __malloc_free_list
 .bss.__malloc_sbrk_start
                0x20000094        0x4 c:/st/stm32cubeide_1.4.0/stm32cubeide/plugins/com.st.stm32cube.ide.mcu.externaltools.gnu-arm-embedded.9-2020-q2-update.win32_2.0.300.202301161003/tools/bin/../lib/gcc/arm-none-eabi/9.3.1/../../../../arm-none-eabi/lib/thumb/v7-m/nofp\libc_nano.a(lib_a-nano-mallocr.o)
                0x20000094                __malloc_sbrk_start
 *(COMMON)
 COMMON         0x20000098        0x4 c:/st/stm32cubeide_1.4.0/stm32cubeide/plugins/com.st.stm32cube.ide.mcu.externaltools.gnu-arm-embedded.9-2020-q2-update.win32_2.0.300.202301161003/tools/bin/../lib/gcc/arm-none-eabi/9.3.1/../../../../arm-none-eabi/lib/thumb/v7-m/nofp\libc_nano.a(lib_a-reent.o)
                0x20000098                errno
 COMMON         0x2000009c        0x9 c:/st/stm32cubeide_1.4.0/stm32cubeide/plugins/com.st.stm32cube.ide.mcu.externaltools.gnu-arm-embedded.9-2020-q2-update.win32_2.0.300.202301161003/tools/bin/../lib/gcc/arm-none-eabi/9.3.1/../../../../arm-none-eabi/lib/thumb/v7-m/nofp\libc_nano.a(lib_a-lock.o)
                0x2000009c                __lock___atexit_recursive_mutex
                0x2000009d                __lock___arc4random_mutex
                0x2000009e                __lock___env_recursive_mutex
                0x2000009f                __lock___sinit_recursive_mutex
                0x200000a0                __lock___malloc_recursive_mutex
                0x200000a1                __lock___at_quick_exit_mutex
                0x200000a2                __lock___dd_hash_mutex
                0x200000a3                __lock___tz_mutex
                0x200000a4                __lock___sfp_recursive_mutex
                0x200000a8                . = ALIGN (0x4)
 *fill*         0x200000a5        0x3 
                0x200000a8                _ebss = .
                0x200000a8                __bss_end__ = _ebss

._user_heap_stack
                0x200000a8      0x600 load address 0x08001534
                0x200000a8                . = ALIGN (0x8)
                [!provide]                PROVIDE (end = .)
                0x200000a8                PROVIDE (_end = .)
                0x200002a8                . = (. + _Min_Heap_Size)
 *fill*         0x200000a8      0x200 
                0x200006a8                . = (. + _Min_Stack_Size)
 *fill*         0x200002a8      0x400 
                0x200006a8                . = ALIGN (0x8)

/DISCARD/
 libc.a(*)
 libm.a(*)
 libgcc.a(*)

.ARM.attributes
                0x00000000       0x29
 *(.ARM.attributes)
 .ARM.attributes
                0x00000000       0x1d c:/st/stm32cubeide_1.4.0/stm32cubeide/plugins/com.st.stm32cube.ide.mcu.externaltools.gnu-arm-embedded.9-2020-q2-update.win32_2.0.300.202301161003/tools/bin/../lib/gcc/arm-none-eabi/9.3.1/thumb/v7-m/nofp/crti.o
 .ARM.attributes
                0x0000001d       0x2d c:/st/stm32cubeide_1.4.0/stm32cubeide/plugins/com.st.stm32cube.ide.mcu.externaltools.gnu-arm-embedded.9-2020-q2-update.win32_2.0.300.202301161003/tools/bin/../lib/gcc/arm-none-eabi/9.3.1/thumb/v7-m/nofp/crtbegin.o
 .ARM.attributes
                0x0000004a       0x2d ./Src/Esp_program.o
 .ARM.attributes
                0x00000077       0x2d ./Src/GPIO_program.o
 .ARM.attributes
                0x000000a4       0x2d ./Src/RCC_program.o
 .ARM.attributes
                0x000000d1       0x2d ./Src/STk_program.o
 .ARM.attributes
                0x000000fe       0x2d ./Src/USART_program.o
 .ARM.attributes
                0x0000012b       0x2d ./Src/main.o
 .ARM.attributes
                0x00000158       0x2d ./Src/sysmem.o
 .ARM.attributes
                0x00000185       0x21 ./Startup/startup_stm32f103c8tx.o
 .ARM.attributes
                0x000001a6       0x2d c:/st/stm32cubeide_1.4.0/stm32cubeide/plugins/com.st.stm32cube.ide.mcu.externaltools.gnu-arm-embedded.9-2020-q2-update.win32_2.0.300.202301161003/tools/bin/../lib/gcc/arm-none-eabi/9.3.1/../../../../arm-none-eabi/lib/thumb/v7-m/nofp\libc_nano.a(lib_a-errno.o)
 .ARM.attributes
                0x000001d3       0x2d c:/st/stm32cubeide_1.4.0/stm32cubeide/plugins/com.st.stm32cube.ide.mcu.externaltools.gnu-arm-embedded.9-2020-q2-update.win32_2.0.300.202301161003/tools/bin/../lib/gcc/arm-none-eabi/9.3.1/../../../../arm-none-eabi/lib/thumb/v7-m/nofp\libc_nano.a(lib_a-impure.o)
 .ARM.attributes
                0x00000200       0x2d c:/st/stm32cubeide_1.4.0/stm32cubeide/plugins/com.st.stm32cube.ide.mcu.externaltools.gnu-arm-embedded.9-2020-q2-update.win32_2.0.300.202301161003/tools/bin/../lib/gcc/arm-none-eabi/9.3.1/../../../../arm-none-eabi/lib/thumb/v7-m/nofp\libc_nano.a(lib_a-init.o)
 .ARM.attributes
                0x0000022d       0x2d c:/st/stm32cubeide_1.4.0/stm32cubeide/plugins/com.st.stm32cube.ide.mcu.externaltools.gnu-arm-embedded.9-2020-q2-update.win32_2.0.300.202301161003/tools/bin/../lib/gcc/arm-none-eabi/9.3.1/../../../../arm-none-eabi/lib/thumb/v7-m/nofp\libc_nano.a(lib_a-memset.o)
 .ARM.attributes
                0x0000025a       0x2d c:/st/stm32cubeide_1.4.0/stm32cubeide/plugins/com.st.stm32cube.ide.mcu.externaltools.gnu-arm-embedded.9-2020-q2-update.win32_2.0.300.202301161003/tools/bin/../lib/gcc/arm-none-eabi/9.3.1/../../../../arm-none-eabi/lib/thumb/v7-m/nofp\libc_nano.a(lib_a-sprintf.o)
 .ARM.attributes
                0x00000287       0x2d c:/st/stm32cubeide_1.4.0/stm32cubeide/plugins/com.st.stm32cube.ide.mcu.externaltools.gnu-arm-embedded.9-2020-q2-update.win32_2.0.300.202301161003/tools/bin/../lib/gcc/arm-none-eabi/9.3.1/../../../../arm-none-eabi/lib/thumb/v7-m/nofp\libc_nano.a(lib_a-nano-svfprintf.o)
 .ARM.attributes
                0x000002b4       0x2d c:/st/stm32cubeide_1.4.0/stm32cubeide/plugins/com.st.stm32cube.ide.mcu.externaltools.gnu-arm-embedded.9-2020-q2-update.win32_2.0.300.202301161003/tools/bin/../lib/gcc/arm-none-eabi/9.3.1/../../../../arm-none-eabi/lib/thumb/v7-m/nofp\libc_nano.a(lib_a-nano-vfprintf_i.o)
 .ARM.attributes
                0x000002e1       0x2d c:/st/stm32cubeide_1.4.0/stm32cubeide/plugins/com.st.stm32cube.ide.mcu.externaltools.gnu-arm-embedded.9-2020-q2-update.win32_2.0.300.202301161003/tools/bin/../lib/gcc/arm-none-eabi/9.3.1/../../../../arm-none-eabi/lib/thumb/v7-m/nofp\libc_nano.a(lib_a-memchr-stub.o)
 .ARM.attributes
                0x0000030e       0x2d c:/st/stm32cubeide_1.4.0/stm32cubeide/plugins/com.st.stm32cube.ide.mcu.externaltools.gnu-arm-embedded.9-2020-q2-update.win32_2.0.300.202301161003/tools/bin/../lib/gcc/arm-none-eabi/9.3.1/../../../../arm-none-eabi/lib/thumb/v7-m/nofp\libc_nano.a(lib_a-memcpy-stub.o)
 .ARM.attributes
                0x0000033b       0x2d c:/st/stm32cubeide_1.4.0/stm32cubeide/plugins/com.st.stm32cube.ide.mcu.externaltools.gnu-arm-embedded.9-2020-q2-update.win32_2.0.300.202301161003/tools/bin/../lib/gcc/arm-none-eabi/9.3.1/../../../../arm-none-eabi/lib/thumb/v7-m/nofp\libc_nano.a(lib_a-memmove.o)
 .ARM.attributes
                0x00000368       0x2d c:/st/stm32cubeide_1.4.0/stm32cubeide/plugins/com.st.stm32cube.ide.mcu.externaltools.gnu-arm-embedded.9-2020-q2-update.win32_2.0.300.202301161003/tools/bin/../lib/gcc/arm-none-eabi/9.3.1/../../../../arm-none-eabi/lib/thumb/v7-m/nofp\libc_nano.a(lib_a-nano-freer.o)
 .ARM.attributes
                0x00000395       0x2d c:/st/stm32cubeide_1.4.0/stm32cubeide/plugins/com.st.stm32cube.ide.mcu.externaltools.gnu-arm-embedded.9-2020-q2-update.win32_2.0.300.202301161003/tools/bin/../lib/gcc/arm-none-eabi/9.3.1/../../../../arm-none-eabi/lib/thumb/v7-m/nofp\libc_nano.a(lib_a-nano-mallocr.o)
 .ARM.attributes
                0x000003c2       0x2d c:/st/stm32cubeide_1.4.0/stm32cubeide/plugins/com.st.stm32cube.ide.mcu.externaltools.gnu-arm-embedded.9-2020-q2-update.win32_2.0.300.202301161003/tools/bin/../lib/gcc/arm-none-eabi/9.3.1/../../../../arm-none-eabi/lib/thumb/v7-m/nofp\libc_nano.a(lib_a-nano-reallocr.o)
 .ARM.attributes
                0x000003ef       0x2d c:/st/stm32cubeide_1.4.0/stm32cubeide/plugins/com.st.stm32cube.ide.mcu.externaltools.gnu-arm-embedded.9-2020-q2-update.win32_2.0.300.202301161003/tools/bin/../lib/gcc/arm-none-eabi/9.3.1/../../../../arm-none-eabi/lib/thumb/v7-m/nofp\libc_nano.a(lib_a-sbrkr.o)
 .ARM.attributes
                0x0000041c       0x2d c:/st/stm32cubeide_1.4.0/stm32cubeide/plugins/com.st.stm32cube.ide.mcu.externaltools.gnu-arm-embedded.9-2020-q2-update.win32_2.0.300.202301161003/tools/bin/../lib/gcc/arm-none-eabi/9.3.1/../../../../arm-none-eabi/lib/thumb/v7-m/nofp\libc_nano.a(lib_a-mlock.o)
 .ARM.attributes
                0x00000449       0x2d c:/st/stm32cubeide_1.4.0/stm32cubeide/plugins/com.st.stm32cube.ide.mcu.externaltools.gnu-arm-embedded.9-2020-q2-update.win32_2.0.300.202301161003/tools/bin/../lib/gcc/arm-none-eabi/9.3.1/../../../../arm-none-eabi/lib/thumb/v7-m/nofp\libc_nano.a(lib_a-nano-msizer.o)
 .ARM.attributes
                0x00000476       0x2d c:/st/stm32cubeide_1.4.0/stm32cubeide/plugins/com.st.stm32cube.ide.mcu.externaltools.gnu-arm-embedded.9-2020-q2-update.win32_2.0.300.202301161003/tools/bin/../lib/gcc/arm-none-eabi/9.3.1/../../../../arm-none-eabi/lib/thumb/v7-m/nofp\libc_nano.a(lib_a-reent.o)
 .ARM.attributes
                0x000004a3       0x2d c:/st/stm32cubeide_1.4.0/stm32cubeide/plugins/com.st.stm32cube.ide.mcu.externaltools.gnu-arm-embedded.9-2020-q2-update.win32_2.0.300.202301161003/tools/bin/../lib/gcc/arm-none-eabi/9.3.1/../../../../arm-none-eabi/lib/thumb/v7-m/nofp\libc_nano.a(lib_a-lock.o)
 .ARM.attributes
                0x000004d0       0x1d c:/st/stm32cubeide_1.4.0/stm32cubeide/plugins/com.st.stm32cube.ide.mcu.externaltools.gnu-arm-embedded.9-2020-q2-update.win32_2.0.300.202301161003/tools/bin/../lib/gcc/arm-none-eabi/9.3.1/thumb/v7-m/nofp/crtn.o
OUTPUT(UART_test.elf elf32-littlearm)
LOAD linker stubs
LOAD c:/st/stm32cubeide_1.4.0/stm32cubeide/plugins/com.st.stm32cube.ide.mcu.externaltools.gnu-arm-embedded.9-2020-q2-update.win32_2.0.300.202301161003/tools/bin/../lib/gcc/arm-none-eabi/9.3.1/../../../../arm-none-eabi/lib/thumb/v7-m/nofp\libc.a
LOAD c:/st/stm32cubeide_1.4.0/stm32cubeide/plugins/com.st.stm32cube.ide.mcu.externaltools.gnu-arm-embedded.9-2020-q2-update.win32_2.0.300.202301161003/tools/bin/../lib/gcc/arm-none-eabi/9.3.1/../../../../arm-none-eabi/lib/thumb/v7-m/nofp\libm.a
LOAD c:/st/stm32cubeide_1.4.0/stm32cubeide/plugins/com.st.stm32cube.ide.mcu.externaltools.gnu-arm-embedded.9-2020-q2-update.win32_2.0.300.202301161003/tools/bin/../lib/gcc/arm-none-eabi/9.3.1/thumb/v7-m/nofp\libgcc.a

.debug_info     0x00000000     0x1bda
 .debug_info    0x00000000      0xb0f ./Src/Esp_program.o
 .debug_info    0x00000b0f      0x1ad ./Src/GPIO_program.o
 .debug_info    0x00000cbc       0xe7 ./Src/RCC_program.o
 .debug_info    0x00000da3      0x1f2 ./Src/STk_program.o
 .debug_info    0x00000f95      0x173 ./Src/USART_program.o
 .debug_info    0x00001108       0x8b ./Src/main.o
 .debug_info    0x00001193      0xa25 ./Src/sysmem.o
 .debug_info    0x00001bb8       0x22 ./Startup/startup_stm32f103c8tx.o

.debug_abbrev   0x00000000      0x7b3
 .debug_abbrev  0x00000000      0x217 ./Src/Esp_program.o
 .debug_abbrev  0x00000217       0xa7 ./Src/GPIO_program.o
 .debug_abbrev  0x000002be       0x78 ./Src/RCC_program.o
 .debug_abbrev  0x00000336      0x116 ./Src/STk_program.o
 .debug_abbrev  0x0000044c      0x12b ./Src/USART_program.o
 .debug_abbrev  0x00000577       0x6b ./Src/main.o
 .debug_abbrev  0x000005e2      0x1bf ./Src/sysmem.o
 .debug_abbrev  0x000007a1       0x12 ./Startup/startup_stm32f103c8tx.o

.debug_aranges  0x00000000      0x1a0
 .debug_aranges
                0x00000000       0x40 ./Src/Esp_program.o
 .debug_aranges
                0x00000040       0x40 ./Src/GPIO_program.o
 .debug_aranges
                0x00000080       0x30 ./Src/RCC_program.o
 .debug_aranges
                0x000000b0       0x58 ./Src/STk_program.o
 .debug_aranges
                0x00000108       0x30 ./Src/USART_program.o
 .debug_aranges
                0x00000138       0x20 ./Src/main.o
 .debug_aranges
                0x00000158       0x20 ./Src/sysmem.o
 .debug_aranges
                0x00000178       0x28 ./Startup/startup_stm32f103c8tx.o

.debug_ranges   0x00000000      0x128
 .debug_ranges  0x00000000       0x30 ./Src/Esp_program.o
 .debug_ranges  0x00000030       0x30 ./Src/GPIO_program.o
 .debug_ranges  0x00000060       0x20 ./Src/RCC_program.o
 .debug_ranges  0x00000080       0x48 ./Src/STk_program.o
 .debug_ranges  0x000000c8       0x20 ./Src/USART_program.o
 .debug_ranges  0x000000e8       0x10 ./Src/main.o
 .debug_ranges  0x000000f8       0x10 ./Src/sysmem.o
 .debug_ranges  0x00000108       0x20 ./Startup/startup_stm32f103c8tx.o

.debug_macro    0x00000000     0x2525
 .debug_macro   0x00000000      0x208 ./Src/Esp_program.o
 .debug_macro   0x00000208      0xaa2 ./Src/Esp_program.o
 .debug_macro   0x00000caa       0x22 ./Src/Esp_program.o
 .debug_macro   0x00000ccc       0x4c ./Src/Esp_program.o
 .debug_macro   0x00000d18       0x18 ./Src/Esp_program.o
 .debug_macro   0x00000d30       0x94 ./Src/Esp_program.o
 .debug_macro   0x00000dc4       0x3c ./Src/Esp_program.o
 .debug_macro   0x00000e00       0x34 ./Src/Esp_program.o
 .debug_macro   0x00000e34       0x16 ./Src/Esp_program.o
 .debug_macro   0x00000e4a       0x57 ./Src/Esp_program.o
 .debug_macro   0x00000ea1       0x97 ./Src/Esp_program.o
 .debug_macro   0x00000f38      0x339 ./Src/Esp_program.o
 .debug_macro   0x00001271       0xfd ./Src/Esp_program.o
 .debug_macro   0x0000136e       0x10 ./Src/Esp_program.o
 .debug_macro   0x0000137e       0x16 ./Src/Esp_program.o
 .debug_macro   0x00001394       0x43 ./Src/Esp_program.o
 .debug_macro   0x000013d7       0x34 ./Src/Esp_program.o
 .debug_macro   0x0000140b       0x10 ./Src/Esp_program.o
 .debug_macro   0x0000141b       0x58 ./Src/Esp_program.o
 .debug_macro   0x00001473       0x71 ./Src/Esp_program.o
 .debug_macro   0x000014e4       0x1c ./Src/Esp_program.o
 .debug_macro   0x00001500      0x12a ./Src/Esp_program.o
 .debug_macro   0x0000162a       0x10 ./Src/Esp_program.o
 .debug_macro   0x0000163a       0x6a ./Src/Esp_program.o
 .debug_macro   0x000016a4       0x1c ./Src/Esp_program.o
 .debug_macro   0x000016c0       0x52 ./Src/Esp_program.o
 .debug_macro   0x00001712       0x22 ./Src/Esp_program.o
 .debug_macro   0x00001734       0x10 ./Src/Esp_program.o
 .debug_macro   0x00001744       0x40 ./Src/Esp_program.o
 .debug_macro   0x00001784       0xd5 ./Src/Esp_program.o
 .debug_macro   0x00001859       0x1c ./Src/Esp_program.o
 .debug_macro   0x00001875       0x3d ./Src/Esp_program.o
 .debug_macro   0x000018b2       0x16 ./Src/Esp_program.o
 .debug_macro   0x000018c8      0x145 ./Src/Esp_program.o
 .debug_macro   0x00001a0d       0x16 ./Src/Esp_program.o
 .debug_macro   0x00001a23       0x35 ./Src/Esp_program.o
 .debug_macro   0x00001a58       0x22 ./Src/Esp_program.o
 .debug_macro   0x00001a7a       0x34 ./Src/Esp_program.o
 .debug_macro   0x00001aae       0x36 ./Src/GPIO_program.o
 .debug_macro   0x00001ae4       0x9a ./Src/GPIO_program.o
 .debug_macro   0x00001b7e      0x12a ./Src/GPIO_program.o
 .debug_macro   0x00001ca8       0x3f ./Src/RCC_program.o
 .debug_macro   0x00001ce7       0x1c ./Src/RCC_program.o
 .debug_macro   0x00001d03       0x70 ./Src/RCC_program.o
 .debug_macro   0x00001d73       0x10 ./Src/RCC_program.o
 .debug_macro   0x00001d83       0x40 ./Src/STk_program.o
 .debug_macro   0x00001dc3       0x28 ./Src/STk_program.o
 .debug_macro   0x00001deb       0x10 ./Src/STk_program.o
 .debug_macro   0x00001dfb       0x40 ./Src/USART_program.o
 .debug_macro   0x00001e3b       0x34 ./Src/USART_program.o
 .debug_macro   0x00001e6f       0x4c ./Src/USART_program.o
 .debug_macro   0x00001ebb       0x4e ./Src/main.o
 .debug_macro   0x00001f09       0xff ./Src/sysmem.o
 .debug_macro   0x00002008      0x23b ./Src/sysmem.o
 .debug_macro   0x00002243      0x103 ./Src/sysmem.o
 .debug_macro   0x00002346      0x1df ./Src/sysmem.o

.debug_line     0x00000000     0x14a8
 .debug_line    0x00000000      0x7b0 ./Src/Esp_program.o
 .debug_line    0x000007b0      0x286 ./Src/GPIO_program.o
 .debug_line    0x00000a36      0x12b ./Src/RCC_program.o
 .debug_line    0x00000b61      0x1d2 ./Src/STk_program.o
 .debug_line    0x00000d33      0x133 ./Src/USART_program.o
 .debug_line    0x00000e66       0xd0 ./Src/main.o
 .debug_line    0x00000f36      0x4ee ./Src/sysmem.o
 .debug_line    0x00001424       0x84 ./Startup/startup_stm32f103c8tx.o

.debug_str      0x00000000     0x9708
 .debug_str     0x00000000     0x777a ./Src/Esp_program.o
                               0x7943 (size before relaxing)
 .debug_str     0x0000777a      0xa21 ./Src/GPIO_program.o
                               0x3864 (size before relaxing)
 .debug_str     0x0000819b      0x2d4 ./Src/RCC_program.o
                               0x3117 (size before relaxing)
 .debug_str     0x0000846f      0x1b1 ./Src/STk_program.o
                               0x3014 (size before relaxing)
 .debug_str     0x00008620      0x24d ./Src/USART_program.o
                               0x30c0 (size before relaxing)
 .debug_str     0x0000886d       0x13 ./Src/main.o
                               0x32d4 (size before relaxing)
 .debug_str     0x00008880      0xe57 ./Src/sysmem.o
                               0x6241 (size before relaxing)
 .debug_str     0x000096d7       0x31 ./Startup/startup_stm32f103c8tx.o
                                 0x52 (size before relaxing)

.comment        0x00000000       0x4c
 .comment       0x00000000       0x4c ./Src/Esp_program.o
                                 0x4d (size before relaxing)
 .comment       0x0000004c       0x4d ./Src/GPIO_program.o
 .comment       0x0000004c       0x4d ./Src/RCC_program.o
 .comment       0x0000004c       0x4d ./Src/STk_program.o
 .comment       0x0000004c       0x4d ./Src/USART_program.o
 .comment       0x0000004c       0x4d ./Src/main.o
 .comment       0x0000004c       0x4d ./Src/sysmem.o

.debug_frame    0x00000000      0x8ac
 .debug_frame   0x00000000       0xd0 ./Src/Esp_program.o
 .debug_frame   0x000000d0       0xd8 ./Src/GPIO_program.o
 .debug_frame   0x000001a8       0x80 ./Src/RCC_program.o
 .debug_frame   0x00000228      0x134 ./Src/STk_program.o
 .debug_frame   0x0000035c       0x80 ./Src/USART_program.o
 .debug_frame   0x000003dc       0x30 ./Src/main.o
 .debug_frame   0x0000040c       0x34 ./Src/sysmem.o
 .debug_frame   0x00000440       0x20 c:/st/stm32cubeide_1.4.0/stm32cubeide/plugins/com.st.stm32cube.ide.mcu.externaltools.gnu-arm-embedded.9-2020-q2-update.win32_2.0.300.202301161003/tools/bin/../lib/gcc/arm-none-eabi/9.3.1/../../../../arm-none-eabi/lib/thumb/v7-m/nofp\libc_nano.a(lib_a-errno.o)
 .debug_frame   0x00000460       0x2c c:/st/stm32cubeide_1.4.0/stm32cubeide/plugins/com.st.stm32cube.ide.mcu.externaltools.gnu-arm-embedded.9-2020-q2-update.win32_2.0.300.202301161003/tools/bin/../lib/gcc/arm-none-eabi/9.3.1/../../../../arm-none-eabi/lib/thumb/v7-m/nofp\libc_nano.a(lib_a-init.o)
 .debug_frame   0x0000048c       0x20 c:/st/stm32cubeide_1.4.0/stm32cubeide/plugins/com.st.stm32cube.ide.mcu.externaltools.gnu-arm-embedded.9-2020-q2-update.win32_2.0.300.202301161003/tools/bin/../lib/gcc/arm-none-eabi/9.3.1/../../../../arm-none-eabi/lib/thumb/v7-m/nofp\libc_nano.a(lib_a-memset.o)
 .debug_frame   0x000004ac       0x6c c:/st/stm32cubeide_1.4.0/stm32cubeide/plugins/com.st.stm32cube.ide.mcu.externaltools.gnu-arm-embedded.9-2020-q2-update.win32_2.0.300.202301161003/tools/bin/../lib/gcc/arm-none-eabi/9.3.1/../../../../arm-none-eabi/lib/thumb/v7-m/nofp\libc_nano.a(lib_a-sprintf.o)
 .debug_frame   0x00000518       0x90 c:/st/stm32cubeide_1.4.0/stm32cubeide/plugins/com.st.stm32cube.ide.mcu.externaltools.gnu-arm-embedded.9-2020-q2-update.win32_2.0.300.202301161003/tools/bin/../lib/gcc/arm-none-eabi/9.3.1/../../../../arm-none-eabi/lib/thumb/v7-m/nofp\libc_nano.a(lib_a-nano-svfprintf.o)
 .debug_frame   0x000005a8       0x60 c:/st/stm32cubeide_1.4.0/stm32cubeide/plugins/com.st.stm32cube.ide.mcu.externaltools.gnu-arm-embedded.9-2020-q2-update.win32_2.0.300.202301161003/tools/bin/../lib/gcc/arm-none-eabi/9.3.1/../../../../arm-none-eabi/lib/thumb/v7-m/nofp\libc_nano.a(lib_a-nano-vfprintf_i.o)
 .debug_frame   0x00000608       0x28 c:/st/stm32cubeide_1.4.0/stm32cubeide/plugins/com.st.stm32cube.ide.mcu.externaltools.gnu-arm-embedded.9-2020-q2-update.win32_2.0.300.202301161003/tools/bin/../lib/gcc/arm-none-eabi/9.3.1/../../../../arm-none-eabi/lib/thumb/v7-m/nofp\libc_nano.a(lib_a-memchr-stub.o)
 .debug_frame   0x00000630       0x28 c:/st/stm32cubeide_1.4.0/stm32cubeide/plugins/com.st.stm32cube.ide.mcu.externaltools.gnu-arm-embedded.9-2020-q2-update.win32_2.0.300.202301161003/tools/bin/../lib/gcc/arm-none-eabi/9.3.1/../../../../arm-none-eabi/lib/thumb/v7-m/nofp\libc_nano.a(lib_a-memcpy-stub.o)
 .debug_frame   0x00000658       0x28 c:/st/stm32cubeide_1.4.0/stm32cubeide/plugins/com.st.stm32cube.ide.mcu.externaltools.gnu-arm-embedded.9-2020-q2-update.win32_2.0.300.202301161003/tools/bin/../lib/gcc/arm-none-eabi/9.3.1/../../../../arm-none-eabi/lib/thumb/v7-m/nofp\libc_nano.a(lib_a-memmove.o)
 .debug_frame   0x00000680       0x38 c:/st/stm32cubeide_1.4.0/stm32cubeide/plugins/com.st.stm32cube.ide.mcu.externaltools.gnu-arm-embedded.9-2020-q2-update.win32_2.0.300.202301161003/tools/bin/../lib/gcc/arm-none-eabi/9.3.1/../../../../arm-none-eabi/lib/thumb/v7-m/nofp\libc_nano.a(lib_a-nano-freer.o)
 .debug_frame   0x000006b8       0x30 c:/st/stm32cubeide_1.4.0/stm32cubeide/plugins/com.st.stm32cube.ide.mcu.externaltools.gnu-arm-embedded.9-2020-q2-update.win32_2.0.300.202301161003/tools/bin/../lib/gcc/arm-none-eabi/9.3.1/../../../../arm-none-eabi/lib/thumb/v7-m/nofp\libc_nano.a(lib_a-nano-mallocr.o)
 .debug_frame   0x000006e8       0x3c c:/st/stm32cubeide_1.4.0/stm32cubeide/plugins/com.st.stm32cube.ide.mcu.externaltools.gnu-arm-embedded.9-2020-q2-update.win32_2.0.300.202301161003/tools/bin/../lib/gcc/arm-none-eabi/9.3.1/../../../../arm-none-eabi/lib/thumb/v7-m/nofp\libc_nano.a(lib_a-nano-reallocr.o)
 .debug_frame   0x00000724       0x2c c:/st/stm32cubeide_1.4.0/stm32cubeide/plugins/com.st.stm32cube.ide.mcu.externaltools.gnu-arm-embedded.9-2020-q2-update.win32_2.0.300.202301161003/tools/bin/../lib/gcc/arm-none-eabi/9.3.1/../../../../arm-none-eabi/lib/thumb/v7-m/nofp\libc_nano.a(lib_a-sbrkr.o)
 .debug_frame   0x00000750       0x30 c:/st/stm32cubeide_1.4.0/stm32cubeide/plugins/com.st.stm32cube.ide.mcu.externaltools.gnu-arm-embedded.9-2020-q2-update.win32_2.0.300.202301161003/tools/bin/../lib/gcc/arm-none-eabi/9.3.1/../../../../arm-none-eabi/lib/thumb/v7-m/nofp\libc_nano.a(lib_a-mlock.o)
 .debug_frame   0x00000780       0x20 c:/st/stm32cubeide_1.4.0/stm32cubeide/plugins/com.st.stm32cube.ide.mcu.externaltools.gnu-arm-embedded.9-2020-q2-update.win32_2.0.300.202301161003/tools/bin/../lib/gcc/arm-none-eabi/9.3.1/../../../../arm-none-eabi/lib/thumb/v7-m/nofp\libc_nano.a(lib_a-nano-msizer.o)
 .debug_frame   0x000007a0       0x5c c:/st/stm32cubeide_1.4.0/stm32cubeide/plugins/com.st.stm32cube.ide.mcu.externaltools.gnu-arm-embedded.9-2020-q2-update.win32_2.0.300.202301161003/tools/bin/../lib/gcc/arm-none-eabi/9.3.1/../../../../arm-none-eabi/lib/thumb/v7-m/nofp\libc_nano.a(lib_a-reent.o)
 .debug_frame   0x000007fc       0xb0 c:/st/stm32cubeide_1.4.0/stm32cubeide/plugins/com.st.stm32cube.ide.mcu.externaltools.gnu-arm-embedded.9-2020-q2-update.win32_2.0.300.202301161003/tools/bin/../lib/gcc/arm-none-eabi/9.3.1/../../../../arm-none-eabi/lib/thumb/v7-m/nofp\libc_nano.a(lib_a-lock.o)
